MPLINK 4.48, Linker
Linker Map File - Created Fri Jun 19 20:08:25 2020

                                 Section Info
                  Section       Type    Address   Location Size(Bytes)
                ---------  ---------  ---------  ---------  ---------
                   .org_0       code   0x000000    program   0x000000
                   .org_1       code   0x000000    program   0x000002
                   .org_2       code   0x000004    program   0x000090
      .config_2007_MAIN.O       code   0x002007    program   0x000002



                              Program Memory Usage 
                               Start         End      
                           ---------   ---------      
                            0x000000    0x000000      
                            0x000004    0x00004b      
                            0x002007    0x002007      
            74 out of 8454 program addresses used, program memory utilization is 0%



                              Symbols - Sorted by Name
                     Name    Address   Location    Storage File                     
                ---------  ---------  ---------  --------- ---------                
                       b1   0x00003f    program     static C:\Users\My PC\Documents\TP Micro\Tutorial-PIC16F877-assembly\UART_Receive\main.asm
                    delay   0x000038    program     static C:\Users\My PC\Documents\TP Micro\Tutorial-PIC16F877-assembly\UART_Receive\main.asm
                     loop   0x00001e    program     static C:\Users\My PC\Documents\TP Micro\Tutorial-PIC16F877-assembly\UART_Receive\main.asm
                     main   0x00000c    program     static C:\Users\My PC\Documents\TP Micro\Tutorial-PIC16F877-assembly\UART_Receive\main.asm



                              Symbols - Sorted by Address
                     Name    Address   Location    Storage File                     
                ---------  ---------  ---------  --------- ---------                
                     main   0x00000c    program     static C:\Users\My PC\Documents\TP Micro\Tutorial-PIC16F877-assembly\UART_Receive\main.asm
                     loop   0x00001e    program     static C:\Users\My PC\Documents\TP Micro\Tutorial-PIC16F877-assembly\UART_Receive\main.asm
                    delay   0x000038    program     static C:\Users\My PC\Documents\TP Micro\Tutorial-PIC16F877-assembly\UART_Receive\main.asm
                       b1   0x00003f    program     static C:\Users\My PC\Documents\TP Micro\Tutorial-PIC16F877-assembly\UART_Receive\main.asm


