MPLINK 4.48, Linker
Linker Map File - Created Tue May 26 10:55:03 2020

                                 Section Info
                  Section       Type    Address   Location Size(Bytes)
                ---------  ---------  ---------  ---------  ---------
                   .org_0       code   0x000000    program   0x000000
                   .org_1       code   0x000000    program   0x000002
                   .org_2       code   0x000004    program   0x0000b4
      .config_2007_MAIN.O       code   0x002007    program   0x000002



                              Program Memory Usage 
                               Start         End      
                           ---------   ---------      
                            0x000000    0x000000      
                            0x000004    0x00005d      
                            0x002007    0x002007      
            92 out of 8454 program addresses used, program memory utilization is 1%



                              Symbols - Sorted by Name
                     Name    Address   Location    Storage File                     
                ---------  ---------  ---------  --------- ---------                
                   _1loop   0x000056    program     static C:\Users\My PC\Documents\TP Micro\Tutorial-PIC16F877-assembly\Eeprom\main.ASM
                   __loop   0x00001d    program     static C:\Users\My PC\Documents\TP Micro\Tutorial-PIC16F877-assembly\Eeprom\main.ASM
                    _loop   0x00003f    program     static C:\Users\My PC\Documents\TP Micro\Tutorial-PIC16F877-assembly\Eeprom\main.ASM
             eeprom_erase   0x00003c    program     static C:\Users\My PC\Documents\TP Micro\Tutorial-PIC16F877-assembly\Eeprom\main.ASM
             eeprom_write   0x00001d    program     static C:\Users\My PC\Documents\TP Micro\Tutorial-PIC16F877-assembly\Eeprom\main.ASM
                     loop   0x000034    program     static C:\Users\My PC\Documents\TP Micro\Tutorial-PIC16F877-assembly\Eeprom\main.ASM
                     main   0x00000d    program     static C:\Users\My PC\Documents\TP Micro\Tutorial-PIC16F877-assembly\Eeprom\main.ASM
                   while1   0x000018    program     static C:\Users\My PC\Documents\TP Micro\Tutorial-PIC16F877-assembly\Eeprom\main.ASM



                              Symbols - Sorted by Address
                     Name    Address   Location    Storage File                     
                ---------  ---------  ---------  --------- ---------                
                     main   0x00000d    program     static C:\Users\My PC\Documents\TP Micro\Tutorial-PIC16F877-assembly\Eeprom\main.ASM
                   while1   0x000018    program     static C:\Users\My PC\Documents\TP Micro\Tutorial-PIC16F877-assembly\Eeprom\main.ASM
                   __loop   0x00001d    program     static C:\Users\My PC\Documents\TP Micro\Tutorial-PIC16F877-assembly\Eeprom\main.ASM
             eeprom_write   0x00001d    program     static C:\Users\My PC\Documents\TP Micro\Tutorial-PIC16F877-assembly\Eeprom\main.ASM
                     loop   0x000034    program     static C:\Users\My PC\Documents\TP Micro\Tutorial-PIC16F877-assembly\Eeprom\main.ASM
             eeprom_erase   0x00003c    program     static C:\Users\My PC\Documents\TP Micro\Tutorial-PIC16F877-assembly\Eeprom\main.ASM
                    _loop   0x00003f    program     static C:\Users\My PC\Documents\TP Micro\Tutorial-PIC16F877-assembly\Eeprom\main.ASM
                   _1loop   0x000056    program     static C:\Users\My PC\Documents\TP Micro\Tutorial-PIC16F877-assembly\Eeprom\main.ASM


