MPLINK 4.48, Linker
Linker Map File - Created Sun Apr 26 00:00:15 2020

                                 Section Info
                  Section       Type    Address   Location Size(Bytes)
                ---------  ---------  ---------  ---------  ---------
                   .org_0       code   0x000000    program   0x000000
                   .org_1       code   0x000000    program   0x000002
                   .org_2       code   0x000004    program   0x00005a
      .config_2007_MAIN.O       code   0x002007    program   0x000002



                              Program Memory Usage 
                               Start         End      
                           ---------   ---------      
                            0x000000    0x000000      
                            0x000004    0x000030      
                            0x002007    0x002007      
            47 out of 8454 program addresses used, program memory utilization is 0%



                              Symbols - Sorted by Name
                     Name    Address   Location    Storage File                     
                ---------  ---------  ---------  --------- ---------                
                       B1   0x000024    program     static C:\Users\My PC\Documents\TP Micro\Exercice_MrBouchefra\main.asm
                    delay   0x00001f    program     static C:\Users\My PC\Documents\TP Micro\Exercice_MrBouchefra\main.asm
               incremente   0x000019    program     static C:\Users\My PC\Documents\TP Micro\Exercice_MrBouchefra\main.asm
                  infloop   0x000014    program     static C:\Users\My PC\Documents\TP Micro\Exercice_MrBouchefra\main.asm
                     main   0x00000d    program     static C:\Users\My PC\Documents\TP Micro\Exercice_MrBouchefra\main.asm
              mise_a_zero   0x00001c    program     static C:\Users\My PC\Documents\TP Micro\Exercice_MrBouchefra\main.asm



                              Symbols - Sorted by Address
                     Name    Address   Location    Storage File                     
                ---------  ---------  ---------  --------- ---------                
                     main   0x00000d    program     static C:\Users\My PC\Documents\TP Micro\Exercice_MrBouchefra\main.asm
                  infloop   0x000014    program     static C:\Users\My PC\Documents\TP Micro\Exercice_MrBouchefra\main.asm
               incremente   0x000019    program     static C:\Users\My PC\Documents\TP Micro\Exercice_MrBouchefra\main.asm
              mise_a_zero   0x00001c    program     static C:\Users\My PC\Documents\TP Micro\Exercice_MrBouchefra\main.asm
                    delay   0x00001f    program     static C:\Users\My PC\Documents\TP Micro\Exercice_MrBouchefra\main.asm
                       B1   0x000024    program     static C:\Users\My PC\Documents\TP Micro\Exercice_MrBouchefra\main.asm


