MPASM  5.50                          MAIN.ASM   6-7-2020  23:29:55         PAGE  1


LOC  OBJECT CODE     LINE SOURCE TEXT
  VALUE

                      00001 ;**********************************************************************
                      00002 ;                                                                     *
                      00003 ;    Filename:      MSSP_I2C                                              *
                      00004 ;    Date:          01/05/2020                                        *
                      00005 ;                                                                     *
                      00006 ;    Author:            KHADRAOUI Ibrahim                                 *
                      00007 ;    Company:           USTHB FEI                                         *
                      00008 ;                                                                     * 
                      00009 ;                                                                     *
                      00010 ;**********************************************************************
                      00011 ;**********************************************************************
                      00012 ;                                                                     *
                      00013 ;    Notes:                                                           *
                      00014 ;                                                                     *
                      00015 ;**********************************************************************
                      00016 
                      00017         list      p=16f877            
                      00018         #include <p16f877.inc>        
                      00001         LIST
                      00002 
                      00003 ;==========================================================================
                      00004 ;  MPASM PIC16F877 processor include
                      00005 ; 
                      00006 ;  (c) Copyright 1999-2013 Microchip Technology, All rights reserved
                      00007 ;==========================================================================
                      00008 
                      00540         LIST
                      00019         
2007   3D3A           00020         __CONFIG _CP_OFF & _WDT_OFF & _BODEN_OFF & _PWRTE_OFF & _HS_OSC & _WRT_ENABLE_OFF & _LVP_OFF & _
                            DEBUG_OFF & _CPD_OFF 
                      00021 
                      00022 
                      00023 ;******* VARIABLE DEFINITIONS
  00000020            00024 variable1               equ     0x20
  00000021            00025 variable2               equ     0x21
  00000022            00026 variable3               equ     0x22
                      00027 
  00000023            00028 adr_EEPROM              equ             0x23
  00000024            00029 data_EEPROM             equ             0x24
                      00030 
  00000025            00031 w_temp          equ     0x25        
  00000026            00032 status_temp     equ     0x26     
                      00033 ;**********************************************************************
                      00034 ;**********************************************************************
0100                  00035                 ORG             0x100
0100   26EF 3461 36E5 00036 texte   da      "Mohamed-Fares" 
       322D 2361 3965 
       3980 
0000                  00037                 ORG     0x000             ; processor reset vector
0000   280D           00038                 goto    main              ; go to beginning of program
                      00039                 
                      00040 ;**********************************************************************
                      00041 ;**********************************************************************
MPASM  5.50                          MAIN.ASM   6-7-2020  23:29:55         PAGE  2


LOC  OBJECT CODE     LINE SOURCE TEXT
  VALUE

0004                  00042                 ORG     0x004             ; interrupt vector location
0004   00A5           00043                 movwf   w_temp            ; save off current W register contents
0005   0803           00044                 movf    STATUS,w          ; move status register into W register
0006   00A6           00045                 movwf   status_temp       ; save off contents of STATUS register
                      00046 ;****************
0007   0826           00047                 movf    status_temp,w     ; retrieve copy of STATUS register
0008   0083           00048                 movwf   STATUS            ; restore pre-isr STATUS register contents
0009   0EA5           00049                 swapf   w_temp,f
000A   0E25           00050                 swapf   w_temp,w          ; restore pre-isr W register contents
000B   108B           00051                 bcf     INTCON,INTF
000C   0009           00052                 retfie                    ; return from interrupt
                      00053 ;**********************************************************************
                      00054 ;**********************************************************************
                      00055 
                      00056 
000D                  00057 main
                      00058                 ;Mise a zero de mes deux variables (adr_EEPROM, data_EEPROM)
000D   1283 1303      00059                 banksel         adr_EEPROM
000F   01A3           00060                 clrf            adr_EEPROM
0010   3030           00061                 movlw           0x30
0011   00A4           00062                 movwf           data_EEPROM
                      00063                 ;Config (PORTC input)
0012   1683 1303      00064                 banksel         TRISC
0014   30FF           00065                 movlw           0xff
Message[302]: Register in operand not in bank 0.  Ensure that bank bits are correct.
0015   0087           00066                 movwf           TRISC
0016   1283 1303      00067                 banksel         PORTC
                      00068                 
                      00069                 ;Config MSSP for I2C
0018   1683 1303      00070                 banksel         SSPSTAT         
                      00071                 
Message[302]: Register in operand not in bank 0.  Ensure that bank bits are correct.
001A   1794           00072                 bsf                     SSPSTAT,SMP     ;In I2C Master or Slave mode:
                      00073                                                                  ;=> 1 = Slew rate control disabled for 
                            standard speed mode (100 kHz and 1 MHz) <=
                      00074                                                                  ;0 = Slew rate control enabled for high
                             speed mode (400 kHz)
                      00075                 
Message[302]: Register in operand not in bank 0.  Ensure that bank bits are correct.
001B   1314           00076                 bcf                     SSPSTAT,CKE     ;I2C Master or Slave mode:
                      00077                                                                  ;1 = Input levels conform to SMBus spec
                      00078                                                                  ;=> 0 = Input levels conform to I2C spe
                            cs <=
001C   1683 1303      00079                 banksel         SSPADD
001E   3009           00080                 movlw           0x09            ; Datasheet 16F877 page 87 (9.2.8 BAUD RATE GENERATOR)
Message[302]: Register in operand not in bank 0.  Ensure that bank bits are correct.
001F   0093           00081                 movwf           SSPADD          ;Note:Baud Rate = FOSC / (4 * (SSPADD + 1) )
                      00082                 
0020   1283 1303      00083                 banksel         SSPCON
0022   3028           00084                 movlw           0x28            ; Datasheet page 69 (REGISTER 9-2: SSPCON: SYNC SERIAL P
                            ORT CONTROL REGISTER (ADDRESS 14h))
0023   0094           00085                 movwf           SSPCON          ;
                      00086                 
MPASM  5.50                          MAIN.ASM   6-7-2020  23:29:55         PAGE  3


LOC  OBJECT CODE     LINE SOURCE TEXT
  VALUE

0024   1283 1303      00087                 banksel         PORTC
0026   1C07           00088                 btfss           PORTC,RC0
0027   2826           00089                 goto            $-1
0028                  00090 infloop
0028   204E           00091                 call            I2C_start       ;Lancer une condition Start
0029   30A0           00092                 movlw           b'10100000'     ;Mettre l'adresse de l'esclave dans W suivi du bit R/W
002A   2053           00093                 call            I2C_write       ;Ecrire le contenu de W dans le bus I2C
002B   2058           00094                 call            I2C_ACK_slave_to_master ;Attendre l'ACK de l'esclave
002C   1283 1303      00095                 banksel         adr_EEPROM
002E   0823           00096                 movf            adr_EEPROM,W    ;Adresse interne de l'EEPROM    
002F   2053           00097                 call            I2C_write               ;Envoyer cette adresse pour informer l'EEPROM qu
                            'on veut ecire sur cette adresse
0030   2058           00098                 call            I2C_ACK_slave_to_master ;Attende l'ACK de l'esclave  
0031   1283 1303      00099                 banksel         data_EEPROM
0033   0824           00100                 movf            data_EEPROM,W   ;Donnee qu'on veut ecrire dans l'EEPROM
0034   2053           00101                 call            I2C_write               ;Envoyer cette donnee a l'EEPROM
0035   2058           00102                 call            I2C_ACK_slave_to_master ;Attendre l'ACK de l'esclave
0036   2079           00103                 call            I2C_stop        ;Lancer uen condition Stop pour terminer la communicatio
                            n       
0037   1283 1303      00104                 banksel         adr_EEPROM
0039   0FA3           00105                 incfsz          adr_EEPROM,F ;incrementer l'adresse de l'EEPROM
Message[305]: Using default destination of 1 (file).
003A   0FA4           00106                 incfsz          data_EEPROM             
003B   207E           00107                 call            delay
003C   2828           00108                 goto infloop
                      00109 
                      00110 ;************************************************************************
                      00111 ;I2C sous-fontions
003D                  00112 I2C_idle        ;Verifie si aucune operation n'est en cours
                      00113                         ;;Utiliser avant chaque etape pour laisser le temps
                      00114                         ;;a l'etape precedente de se terminer
003D   1683 1303      00115                 banksel         SSPCON2
003F                  00116 I2C_idle_label
Message[302]: Register in operand not in bank 0.  Ensure that bank bits are correct.
003F   1A11           00117                 btfsc           SSPCON2,ACKEN   ;Si = 0 => sequence ACK termine
0040   283F           00118                 goto            I2C_idle_label  
Message[302]: Register in operand not in bank 0.  Ensure that bank bits are correct.
0041   1991           00119                 btfsc           SSPCON2,RCEN    ;Si = 0 => sequence Repeated Start termine
0042   283F           00120                 goto            I2C_idle_label
Message[302]: Register in operand not in bank 0.  Ensure that bank bits are correct.
0043   1911           00121                 btfsc           SSPCON2,PEN             ;Si = 0 => sequence Stop termine
0044   283F           00122                 goto            I2C_idle_label
Message[302]: Register in operand not in bank 0.  Ensure that bank bits are correct.
0045   1891           00123                 btfsc           SSPCON2,RSEN    ;Si = 0 => sequence Receive termine
0046   283F           00124                 goto            I2C_idle_label
Message[302]: Register in operand not in bank 0.  Ensure that bank bits are correct.
0047   1811           00125                 btfsc           SSPCON2,SEN             ;Si = 0 => sequence Start termine
0048   283F           00126                 goto            I2C_idle_label
0049   1683 1303      00127                 banksel         SSPSTAT
Message[302]: Register in operand not in bank 0.  Ensure that bank bits are correct.
004B   1914           00128                 btfsc           SSPSTAT,R_W             ;Si = 0 => aucune transmission en cours
004C   283F           00129                 goto            I2C_idle_label
004D   0008           00130                 return
MPASM  5.50                          MAIN.ASM   6-7-2020  23:29:55         PAGE  4


LOC  OBJECT CODE     LINE SOURCE TEXT
  VALUE

                      00131 ;**************
004E                  00132 I2C_start       ;Lancer une sequence Start
004E   203D           00133                 call            I2C_idle
004F   1683 1303      00134                 banksel         SSPCON2 
Message[302]: Register in operand not in bank 0.  Ensure that bank bits are correct.
0051   1411           00135                 bsf             SSPCON2,SEN
0052   0008           00136                 return
                      00137 ;**************
0053                  00138 I2C_write       ;Ecrire le contenue de W dans le bus I2C
0053   203D           00139                 call            I2C_idle
0054   1283 1303      00140                 banksel         SSPBUF
0056   0093           00141                 movwf           SSPBUF
0057   0008           00142                 return
                      00143 ;**************
0058                  00144 I2C_ACK_slave_to_master ;Attendre l'ACK de l'esclave
0058   203D           00145                 call            I2C_idle 
0059   1683 1303      00146                 banksel         SSPCON2
005B                  00147 I2C_ACK_slave_to_master_label
Message[302]: Register in operand not in bank 0.  Ensure that bank bits are correct.
005B   1B11           00148                 btfsc           SSPCON2,ACKSTAT ;I2C ACKSTAT: Acknowledge Status bit (InMaster mode only
                            )
                      00149                                                                         ;In Master Transmit mode:
                      00150                                                                          ;1 = Acknowledge was not receiv
                            ed from slave
                      00151                                                                          ;0 = Acknowledge was received f
                            rom slave
                      00152 
005C   285B           00153                 goto            I2C_ACK_slave_to_master_label
005D   0008           00154                 return
                      00155 ;**************
005E                  00156 I2C_Repeated_Start      ;Lancer une sequence Repeated Start
005E   203D           00157                 call            I2C_idle
005F   1683 1303      00158                 banksel         SSPCON2
Message[302]: Register in operand not in bank 0.  Ensure that bank bits are correct.
0061   1491           00159                 bsf             SSPCON2,RSEN
0062   0008           00160                 return
                      00161 ;**************         
0063                  00162 I2C_read                ;Lire le contenue du bus I2C est le mettre dans W
0063   203D           00163                 call            I2C_idle 
0064   1683 1303      00164                 banksel         SSPCON2
Message[302]: Register in operand not in bank 0.  Ensure that bank bits are correct.
0066   1591           00165                 bsf             SSPCON2,RCEN 
0067                  00166 I2C_read_label
Message[302]: Register in operand not in bank 0.  Ensure that bank bits are correct.
0067   1991           00167                 btfsc           SSPCON2,RCEN
0068   2867           00168                 goto            I2C_read_label
0069   1283 1303      00169                 banksel         SSPBUF
006B   0813           00170                 movf            SSPBUF,W
006C   0008           00171                 return
                      00172 ;**************
006D                  00173 I2C_ACK_master_to_slave ;Lancer une sequence ACK
006D   203D           00174                 call            I2C_idle
006E   1683 1303      00175                 banksel         SSPCON2
MPASM  5.50                          MAIN.ASM   6-7-2020  23:29:55         PAGE  5


LOC  OBJECT CODE     LINE SOURCE TEXT
  VALUE

Message[302]: Register in operand not in bank 0.  Ensure that bank bits are correct.
0070   1291           00176                 bcf             SSPCON2 , ACKDT ;ACKDT = 0 pour ACK
Message[302]: Register in operand not in bank 0.  Ensure that bank bits are correct.
0071   1611           00177                 bsf             SSPCON2 , ACKEN ;Lancer une sequence ACK
0072   0008           00178                 return
                      00179 ;**************
0073                  00180 I2C_NOACK       ;Lancer une sequence NOACK
0073   203D           00181                 call            I2C_idle
0074   1683 1303      00182                 banksel         SSPCON2
Message[302]: Register in operand not in bank 0.  Ensure that bank bits are correct.
0076   1691           00183                 bsf             SSPCON2 , ACKDT ;ACKDT = 1 pour NOACK
Message[302]: Register in operand not in bank 0.  Ensure that bank bits are correct.
0077   1611           00184                 bsf             SSPCON2 , ACKEN ;Lancer une sequence NOACK
0078   0008           00185                 return
                      00186 ;**************
0079                  00187 I2C_stop        ;Lancer une sequence Stop
0079   203D           00188                 call            I2C_idle
007A   1683 1303      00189                 banksel         SSPCON2
Message[302]: Register in operand not in bank 0.  Ensure that bank bits are correct.
007C   1511           00190                 bsf             SSPCON2,PEN
007D   0008           00191                 return
                      00192 ;**************
                      00193 ;************************************************************************
007E                  00194 delay           ;Routine de delai (1s)
007E   30FF           00195                 movlw           0xff
007F   00A0           00196                 movwf           variable1
0080   00A1           00197                 movwf           variable2
0081   3005           00198                 movlw           0x05
0082   00A2           00199                 movwf           variable3
0083                  00200 b1
Message[305]: Using default destination of 1 (file).
0083   0BA0           00201                 decfsz          variable1
0084   2883           00202                 goto            b1
0085   30FF           00203                 movlw           0xff
0086   00A0           00204                 movwf           variable1
Message[305]: Using default destination of 1 (file).
0087   0BA1           00205                 decfsz          variable2
0088   2883           00206                 goto            b1
0089   30FF           00207                 movlw           0xff
008A   00A1           00208                 movwf           variable2
Message[305]: Using default destination of 1 (file).
008B   0BA2           00209                 decfsz          variable3
008C   2883           00210                 goto            b1
008D   3005           00211                 movlw           0x05
008E   00A2           00212                 movwf           variable3
008F   0008           00213                 return
                      00214 ;************************************************************************       
                      00215                 end                       
MPASM  5.50                          MAIN.ASM   6-7-2020  23:29:55         PAGE  6


SYMBOL TABLE
  LABEL                             VALUE 

ACKDT                             00000005
ACKEN                             00000004
ACKSTAT                           00000006
ADCON0                            0000001F
ADCON1                            0000009F
ADCS0                             00000006
ADCS1                             00000007
ADDEN                             00000003
ADFM                              00000007
ADIE                              00000006
ADIF                              00000006
ADON                              00000000
ADRESH                            0000001E
ADRESL                            0000009E
BCLIE                             00000003
BCLIF                             00000003
BF                                00000000
BRGH                              00000002
C                                 00000000
CCP1CON                           00000017
CCP1IE                            00000002
CCP1IF                            00000002
CCP1M0                            00000000
CCP1M1                            00000001
CCP1M2                            00000002
CCP1M3                            00000003
CCP1X                             00000005
CCP1Y                             00000004
CCP2CON                           0000001D
CCP2IE                            00000000
CCP2IF                            00000000
CCP2M0                            00000000
CCP2M1                            00000001
CCP2M2                            00000002
CCP2M3                            00000003
CCP2X                             00000005
CCP2Y                             00000004
CCPR1                             00000015
CCPR1H                            00000016
CCPR1L                            00000015
CCPR2                             0000001B
CCPR2H                            0000001C
CCPR2L                            0000001B
CHS0                              00000003
CHS1                              00000004
CHS2                              00000005
CKE                               00000006
CKP                               00000004
CREN                              00000004
CSRC                              00000007
D                                 00000005
DATA_ADDRESS                      00000005
DC                                00000001
MPASM  5.50                          MAIN.ASM   6-7-2020  23:29:55         PAGE  7


SYMBOL TABLE
  LABEL                             VALUE 

D_A                               00000005
D_NOT_A                           00000005
EEADR                             0000010D
EEADRH                            0000010F
EECON1                            0000018C
EECON2                            0000018D
EEDATA                            0000010C
EEDATH                            0000010E
EEIE                              00000004
EEIF                              00000004
EEPGD                             00000007
F                                 00000001
FERR                              00000002
FSR                               00000004
GCEN                              00000007
GIE                               00000007
GO                                00000002
GO_DONE                           00000002
GO_NOT_DONE                       00000002
I2C_ACK_master_to_slave           0000006D
I2C_ACK_slave_to_master           00000058
I2C_ACK_slave_to_master_label     0000005B
I2C_DATA                          00000005
I2C_NOACK                         00000073
I2C_READ                          00000002
I2C_Repeated_Start                0000005E
I2C_START                         00000003
I2C_STOP                          00000004
I2C_idle                          0000003D
I2C_idle_label                    0000003F
I2C_read                          00000063
I2C_read_label                    00000067
I2C_start                         0000004E
I2C_stop                          00000079
I2C_write                         00000053
IBF                               00000007
IBOV                              00000005
INDF                              00000000
INTCON                            0000000B
INTE                              00000004
INTEDG                            00000006
INTF                              00000001
IRP                               00000007
NOT_A                             00000005
NOT_ADDRESS                       00000005
NOT_BO                            00000000
NOT_BOR                           00000000
NOT_DONE                          00000002
NOT_PD                            00000003
NOT_POR                           00000001
NOT_RBPU                          00000007
NOT_RC8                           00000006
NOT_T1SYNC                        00000002
MPASM  5.50                          MAIN.ASM   6-7-2020  23:29:55         PAGE  8


SYMBOL TABLE
  LABEL                             VALUE 

NOT_TO                            00000004
NOT_TX8                           00000006
NOT_W                             00000002
NOT_WRITE                         00000002
OBF                               00000006
OERR                              00000001
OPTION_REG                        00000081
P                                 00000004
PCFG0                             00000000
PCFG1                             00000001
PCFG2                             00000002
PCFG3                             00000003
PCL                               00000002
PCLATH                            0000000A
PCON                              0000008E
PEIE                              00000006
PEN                               00000002
PIE1                              0000008C
PIE2                              0000008D
PIR1                              0000000C
PIR2                              0000000D
PORTA                             00000005
PORTB                             00000006
PORTC                             00000007
PORTD                             00000008
PORTE                             00000009
PR2                               00000092
PS0                               00000000
PS1                               00000001
PS2                               00000002
PSA                               00000003
PSPIE                             00000007
PSPIF                             00000007
PSPMODE                           00000004
R                                 00000002
RA0                               00000000
RA1                               00000001
RA2                               00000002
RA3                               00000003
RA4                               00000004
RA5                               00000005
RB0                               00000000
RB1                               00000001
RB2                               00000002
RB3                               00000003
RB4                               00000004
RB5                               00000005
RB6                               00000006
RB7                               00000007
RBIE                              00000003
RBIF                              00000000
RC0                               00000000
RC1                               00000001
MPASM  5.50                          MAIN.ASM   6-7-2020  23:29:55         PAGE  9


SYMBOL TABLE
  LABEL                             VALUE 

RC2                               00000002
RC3                               00000003
RC4                               00000004
RC5                               00000005
RC6                               00000006
RC7                               00000007
RC8_9                             00000006
RC9                               00000006
RCD8                              00000000
RCEN                              00000003
RCIE                              00000005
RCIF                              00000005
RCREG                             0000001A
RCSTA                             00000018
RD                                00000000
RD0                               00000000
RD1                               00000001
RD2                               00000002
RD3                               00000003
RD4                               00000004
RD5                               00000005
RD6                               00000006
RD7                               00000007
RE0                               00000000
RE1                               00000001
RE2                               00000002
READ_WRITE                        00000002
RP0                               00000005
RP1                               00000006
RSEN                              00000001
RX9                               00000006
RX9D                              00000000
R_NOT_W                           00000002
R_W                               00000002
S                                 00000003
SEN                               00000000
SMP                               00000007
SPBRG                             00000099
SPEN                              00000007
SREN                              00000005
SSPADD                            00000093
SSPBUF                            00000013
SSPCON                            00000014
SSPCON2                           00000091
SSPEN                             00000005
SSPIE                             00000003
SSPIF                             00000003
SSPM0                             00000000
SSPM1                             00000001
SSPM2                             00000002
SSPM3                             00000003
SSPOV                             00000006
SSPSTAT                           00000094
MPASM  5.50                          MAIN.ASM   6-7-2020  23:29:55         PAGE 10


SYMBOL TABLE
  LABEL                             VALUE 

STATUS                            00000003
SYNC                              00000004
T0CS                              00000005
T0IE                              00000005
T0IF                              00000002
T0SE                              00000004
T1CKPS0                           00000004
T1CKPS1                           00000005
T1CON                             00000010
T1INSYNC                          00000002
T1OSCEN                           00000003
T1SYNC                            00000002
T2CKPS0                           00000000
T2CKPS1                           00000001
T2CON                             00000012
TMR0                              00000001
TMR0IE                            00000005
TMR0IF                            00000002
TMR1                              0000000E
TMR1CS                            00000001
TMR1H                             0000000F
TMR1IE                            00000000
TMR1IF                            00000000
TMR1L                             0000000E
TMR1ON                            00000000
TMR2                              00000011
TMR2IE                            00000001
TMR2IF                            00000001
TMR2ON                            00000002
TOUTPS0                           00000003
TOUTPS1                           00000004
TOUTPS2                           00000005
TOUTPS3                           00000006
TRISA                             00000085
TRISA0                            00000000
TRISA1                            00000001
TRISA2                            00000002
TRISA3                            00000003
TRISA4                            00000004
TRISA5                            00000005
TRISB                             00000086
TRISB0                            00000000
TRISB1                            00000001
TRISB2                            00000002
TRISB3                            00000003
TRISB4                            00000004
TRISB5                            00000005
TRISB6                            00000006
TRISB7                            00000007
TRISC                             00000087
TRISC0                            00000000
TRISC1                            00000001
TRISC2                            00000002
MPASM  5.50                          MAIN.ASM   6-7-2020  23:29:55         PAGE 11


SYMBOL TABLE
  LABEL                             VALUE 

TRISC3                            00000003
TRISC4                            00000004
TRISC5                            00000005
TRISC6                            00000006
TRISC7                            00000007
TRISD                             00000088
TRISD0                            00000000
TRISD1                            00000001
TRISD2                            00000002
TRISD3                            00000003
TRISD4                            00000004
TRISD5                            00000005
TRISD6                            00000006
TRISD7                            00000007
TRISE                             00000089
TRISE0                            00000000
TRISE1                            00000001
TRISE2                            00000002
TRMT                              00000001
TX8_9                             00000006
TX9                               00000006
TX9D                              00000000
TXD8                              00000000
TXEN                              00000005
TXIE                              00000004
TXIF                              00000004
TXREG                             00000019
TXSTA                             00000098
UA                                00000001
W                                 00000000
WCOL                              00000007
WR                                00000001
WREN                              00000002
WRERR                             00000003
Z                                 00000002
_BODEN_OFF                        00003FBF
_BODEN_ON                         00003FFF
_BOREN_OFF                        00003FBF
_BOREN_ON                         00003FFF
_CONFIG                           00002007
_CPD_OFF                          00003FFF
_CPD_ON                           00003EFF
_CP_ALL                           00000FCF
_CP_HALF                          00001FDF
_CP_OFF                           00003FFF
_CP_UPPER_256                     00002FEF
_DEBUG_OFF                        00003FFF
_DEBUG_ON                         000037FF
_DEVID1                           00002006
_FOSC_EXTRC                       00003FFF
_FOSC_HS                          00003FFE
_FOSC_LP                          00003FFC
_FOSC_XT                          00003FFD
MPASM  5.50                          MAIN.ASM   6-7-2020  23:29:55         PAGE 12


SYMBOL TABLE
  LABEL                             VALUE 

_HS_OSC                           00003FFE
_IDLOC0                           00002000
_IDLOC1                           00002001
_IDLOC2                           00002002
_IDLOC3                           00002003
_LP_OSC                           00003FFC
_LVP_OFF                          00003F7F
_LVP_ON                           00003FFF
_PWRTE_OFF                        00003FFF
_PWRTE_ON                         00003FF7
_RC_OSC                           00003FFF
_WDTE_OFF                         00003FFB
_WDTE_ON                          00003FFF
_WDT_OFF                          00003FFB
_WDT_ON                           00003FFF
_WRT_ENABLE_OFF                   00003DFF
_WRT_ENABLE_ON                    00003FFF
_WRT_OFF                          00003DFF
_WRT_ON                           00003FFF
_XT_OSC                           00003FFD
__16F877                          00000001
__DEBUG                           1
adr_EEPROM                        00000023
b1                                00000083
data_EEPROM                       00000024
delay                             0000007E
infloop                           00000028
main                              0000000D
status_temp                       00000026
texte                             00000100
variable1                         00000020
variable2                         00000021
variable3                         00000022
w_temp                            00000025


MEMORY USAGE MAP ('X' = Used,  '-' = Unused)

0000 : X---XXXXXXXXXXXX XXXXXXXXXXXXXXXX XXXXXXXXXXXXXXXX XXXXXXXXXXXXXXXX
0040 : XXXXXXXXXXXXXXXX XXXXXXXXXXXXXXXX XXXXXXXXXXXXXXXX XXXXXXXXXXXXXXXX
0080 : XXXXXXXXXXXXXXXX ---------------- ---------------- ----------------
0100 : XXXXXXX--------- ---------------- ---------------- ----------------
2000 : -------X-------- ---------------- ---------------- ----------------

All other memory blocks unused.

Program Memory Words Used:   148
Program Memory Words Free:  8044


MPASM  5.50                          MAIN.ASM   6-7-2020  23:29:55         PAGE 13





Errors   :     0
Warnings :     0 reported,     0 suppressed
Messages :    24 reported,     0 suppressed

