MPLINK 4.48, Linker
Linker Map File - Created Mon Apr 27 05:48:48 2020

                                 Section Info
                  Section       Type    Address   Location Size(Bytes)
                ---------  ---------  ---------  ---------  ---------
                   .org_0       code   0x000000    program   0x000000
                   .org_1       code   0x000000    program   0x000002
                   .org_2       code   0x000004    program   0x000070
      .config_2007_MAIN.O       code   0x002007    program   0x000002



                              Program Memory Usage 
                               Start         End      
                           ---------   ---------      
                            0x000000    0x000000      
                            0x000004    0x00003b      
                            0x002007    0x002007      
            58 out of 8454 program addresses used, program memory utilization is 0%



                              Symbols - Sorted by Name
                     Name    Address   Location    Storage File                     
                ---------  ---------  ---------  --------- ---------                
                       b1   0x00002f    program     static C:\Users\My PC\Documents\TP Micro\Interruptions\main.asm
                    delay   0x00002a    program     static C:\Users\My PC\Documents\TP Micro\Interruptions\main.asm
                  infloop   0x000022    program     static C:\Users\My PC\Documents\TP Micro\Interruptions\main.asm
                      isr   0x000023    program     static C:\Users\My PC\Documents\TP Micro\Interruptions\main.asm
                     main   0x000012    program     static C:\Users\My PC\Documents\TP Micro\Interruptions\main.asm
             restauration   0x00000c    program     static C:\Users\My PC\Documents\TP Micro\Interruptions\main.asm



                              Symbols - Sorted by Address
                     Name    Address   Location    Storage File                     
                ---------  ---------  ---------  --------- ---------                
             restauration   0x00000c    program     static C:\Users\My PC\Documents\TP Micro\Interruptions\main.asm
                     main   0x000012    program     static C:\Users\My PC\Documents\TP Micro\Interruptions\main.asm
                  infloop   0x000022    program     static C:\Users\My PC\Documents\TP Micro\Interruptions\main.asm
                      isr   0x000023    program     static C:\Users\My PC\Documents\TP Micro\Interruptions\main.asm
                    delay   0x00002a    program     static C:\Users\My PC\Documents\TP Micro\Interruptions\main.asm
                       b1   0x00002f    program     static C:\Users\My PC\Documents\TP Micro\Interruptions\main.asm


