MPASM  5.50                          MAIN.ASM   5-3-2020  1:32:42         PAGE  1


LOC  OBJECT CODE     LINE SOURCE TEXT
  VALUE

                      00001 ;**********************************************************************
                      00002 ;                                                                     *
                      00003 ;    Filename:      ExoIsli.asm                                               *
                      00004 ;    Date:          17/04/2020                                        *
                      00005 ;                                                                     *
                      00006 ;    Author:            KHADRAOUI Ibrahim                                 *
                      00007 ;    Company:           USTHB FEI                                         *
                      00008 ;                                                                     * 
                      00009 ;                                                                     *
                      00010 ;**********************************************************************
                      00011 ;****************************************************************
                      00012 ;Exo proposé par Abdelali:                                                                              
                            *
                      00013 ;       Deux LEDs une sur RC0 et l'autre sur RC1                                        *
                      00014 ;       Deux Bouttons un sur RB0 et l'autre sur RB4                                     *
                      00015 ;       Ecrire un programme en utilisant les interruptions sur          *
                      00016 ;       RB0 et RB4.                                                                                     
                                            *
                      00017 ;               RB0 : clignote une fois la LED branchée sur RC0                 *
                      00018 ;               RB1 : clignote une fois la LED branchée sur RC1                 *
                      00019 ;       Conseills : Utilisez l'interruption RB0/INT et RB Change        *
                      00020 ;                               INTCON = 0b10011000                                                     
                                    *
                      00021 ;****************************************************************
                      00022         
                      00023 ;*********************************      
                      00024         list p=16f877                           ;*
                      00025         #include <p16f877.inc>          ;*
                      00001         LIST
                      00002 
                      00003 ;==========================================================================
                      00004 ;  MPASM PIC16F877 processor include
                      00005 ; 
                      00006 ;  (c) Copyright 1999-2013 Microchip Technology, All rights reserved
                      00007 ;==========================================================================
                      00008 
                      00540         LIST
2007   3F3A           00026         __config 0x3F3A                         ;*
                      00027 ;*********************************
                      00028 
                      00029 ;*************************************
                      00030 ;       MACRO POUR CHANGER LES BANKS     *
                      00031 ;*************************************
                      00032 bank0   macro                                           ;*                      
                      00033                 bcf STATUS,RP0                          ;*
                      00034                 bcf     STATUS,RP1                              ;*
                      00035                 endm                                            ;*
                      00036 bank1   macro                                           ;*
                      00037                 bsf STATUS,RP0                          ;*
                      00038                 bcf     STATUS,RP1                              ;*
                      00039                 endm                                            ;*
                      00040 bank2   macro                                           ;*
                      00041                 bcf STATUS,RP0                          ;*
MPASM  5.50                          MAIN.ASM   5-3-2020  1:32:42         PAGE  2


LOC  OBJECT CODE     LINE SOURCE TEXT
  VALUE

                      00042                 bsf     STATUS,RP1                              ;*
                      00043                 endm                                            ;*
                      00044 bank3   macro                                           ;*
                      00045                 bsf STATUS,RP0                          ;*
                      00046                 bsf     STATUS,RP1                              ;*
                      00047                 endm                                            ;*
                      00048 ;*************************************
                      00049                 
                      00050 ;************************************
                      00051 ;       DECLARATION DES VARIABLES               *
                      00052 ;************************************************************************************************
  00000020            00053 w_temp                  equ     20h     ;variable pour enregistrer accumulateur W lors des interruptions
                                            *
  00000021            00054 status_temp             equ 21h ;variable pour enregistrer le registre STATUS lors des interruptions    
                            *
  00000022            00055 variable1               equ 22h ;variable utiliser dans la fonction de temporisation                    
                                            *
  00000023            00056 variable2               equ 23h ;variable utiliser dans la fonction de temporisation                    
                                            *
  00000024            00057 variable3               equ 24h ;variable utiliser dans la fonction de temporisation                    
                                            *
                      00058 ;************************************************************************************************
                      00059 
0000                  00060         org     0x00
0000   2813           00061         goto    main
                      00062 
                      00063         
                      00064 ;****************************************
                      00065 ;       L'adresse 0x04 de l'interruption        *
                      00066 ;************************************************       
                      00067 ;       si une interruption surviens le programme       *
                      00068 ;       sautera à la ligne "org 0x04" juste                     *
                      00069 ;       en dessous                                                                      *
                      00070 ;*******************************************************************************************************
                            *****
0004                  00071         org     0x04            ;                                                                       
                                                                                                                            
                      00072 ;                                                                                                       
                                                                                                                            
                      00073         ;Sauvegard de W et STATUS                                                                       
                                                                                                                    *
0004   00A0           00074         movwf   w_temp          ;mettre W dans la variable w_temp                                       
                                                                                            *
0005   0803           00075         movf    STATUS,W        ;mettre STATUS dans W                                                   
                                                                                                    *
0006   00A1           00076         movwf   status_temp     ;mettre W(STATUS) dans la variable status_temp                          
                                                                            *
                      00077 ;                                                                                                       
                                                                                                                            
                      00078         ;Test des flags pour savoir quelle interruptions s'est déclanchée                               
                                                                            *
0007   188B           00079         btfsc   INTCON,INTF             ;Test du flag de RB0/INT                                        
                                                                                                    *
MPASM  5.50                          MAIN.ASM   5-3-2020  1:32:42         PAGE  3


LOC  OBJECT CODE     LINE SOURCE TEXT
  VALUE

0008   2027           00080         call    fonction_INTF   ;Si le flag est à 1 executer la sous fonction de cette interruption     
                                                    *
0009   180B           00081         btfsc   INTCON,RBIF             ;Test du flag de RB Change                                      
                                                                                                    *
000A   2020           00082         call    fonction_RBIF   ;Si le flag est à 1 executer la sous fonction de cette interruption     
                                                    *
                      00083 ;                                                                                                       
                                                                                                                            
                      00084         ;Remise à zéro des flags                                                                        
                                                                                                                    *
000B   108B           00085         bcf             INTCON,INTF ;                                                                   
                                                                                                                            
000C   0806           00086         movf    PORTB,W ;lire le PORTB pour raz le flag                                                 
                                                                                            *
                      00087                                         ;voir datasheet page 31 (PORTB)                                 
                                                                                                            *
000D   100B           00088         bcf     INTCON,RBIF     ;                                                                       
                                                                                                                            
                      00089 ;                                                                                                       
                                                                                                                            
                      00090         ;Récupération de W et du Registre STATUS                                                        
                                                                                                    *
000E   0821           00091         movf    status_temp,W   ;mettre status_temp dans W                                              
                                                                                            *
000F   0083           00092         movwf   STATUS                  ;puis le mettre dans STATUS                                     
                                                                                                    *
0010   0EA0           00093         swapf   w_temp,F                ;inverser les quartets de w_temp                                
                                                                                            *
0011   0E20           00094         swapf   w_temp,W                ;ré-inverser les quartets de w_temp et mettre le résultat dans W
                                                            *
                      00095         ;Remarque : on a utilisé le swapf parce qu'il n'affecte aucun bit du registre STATUS            
                                                    *
                      00096 ;                                                                                                       
                                                                                                                            
0012   0009           00097         retfie  ;Retoure au programme principal et remise à 1 de INTCON,GIE                             
                                                                            *
                      00098 ;*******************************************************************************************************
                            *****
                      00099 
                      00100 ;****************************************
                      00101 ;               Programme Principal                             *
                      00102 ;********************************************************
0013                  00103 main    ;                                                                                               
                            *
Warning[206]: Found call to macro in column 1. (bank1)
                      00104 bank1                           ;aller à la bank1                                       *
0013   1683               M                 bsf STATUS,RP0                          ;*
0014   1303               M                 bcf     STATUS,RP1                              ;*
Message[302]: Register in operand not in bank 0.  Ensure that bank bits are correct.
0015   0187           00105         clrf    TRISC   ;mettre le PORTC en sortie                      *
0016   30FF           00106         movlw   0xff    ;                                                                       *
Message[302]: Register in operand not in bank 0.  Ensure that bank bits are correct.
0017   0086           00107         movwf   TRISB   ;mettre le PORTB en entrée                      *
MPASM  5.50                          MAIN.ASM   5-3-2020  1:32:42         PAGE  4


LOC  OBJECT CODE     LINE SOURCE TEXT
  VALUE

Message[302]: Register in operand not in bank 0.  Ensure that bank bits are correct.
0018   1381           00108         bcf             OPTION_REG,NOT_RBPU     ;activer résistances PU *
Warning[206]: Found call to macro in column 1. (bank0)
                      00109 bank0                           ;aller à la bank0                                       *
0019   1283               M                 bcf STATUS,RP0                          ;*
001A   1303               M                 bcf     STATUS,RP1                              ;*
001B   0187           00110         clrf    PORTC   ;mise à zéro du PORTC                           *
001C   0806           00111         movf    PORTB,W ;lire le PORTB pour raz le flag         *
                      00112                                         ;voir datasheet page 31 (PORTB)         *
001D   3098           00113         movlw   98h             ; W = 0b10011000                                        *
001E   008B           00114         movwf   INTCON  ; mise à 1 de GIE et INTE et RBIE       *
                      00115         ;Remarque GIE permet d'utiliser les interruptions       *
                      00116         ;INTE active l'interruption de RB0/INT                          *
                      00117         ;RBIE active l'interruption de RB Change                        *
                      00118 ;                                                                                                       
                                    *
                      00119         ;Boucle infinie                                                                         *
001F                  00120 while1                  ;                                                                               
                            *
                      00121                                 ;                                                                       
                                    *
001F   281F           00122         goto while1 ;                                                                           *
                      00123 ;********************************************************       
                      00124 
                      00125 ;****************************************
                      00126 ;               Les sous-programmes                             *
                      00127 ;************************************************************
0020                  00128 fonction_RBIF   ;sous-programme de l'interruption RB Change     *
                      00129                                 ;Il fait clignoter la LED branchée sur RC1      *
Warning[206]: Found call to macro in column 1. (bank0)
                      00130 bank0                           ;                                                                       
                                    *
0020   1283               M                 bcf STATUS,RP0                          ;*
0021   1303               M                 bcf     STATUS,RP1                              ;*
0022   1487           00131         bsf     PORTC,1 ;                                                                               
                            *
0023   202D           00132         call    delay   ;                                                                               
                            *
0024   1087           00133         bcf             PORTC,1 ;                                                                       
                                    *
0025   202D           00134         call    delay   ;                                                                               
                            *
0026   0008           00135         return                  ;                                                                       
                                    *
                      00136 ;************************************************************
0027                  00137 fonction_INTF   ;sous-programme de l'interruption RB0/INT       *
                      00138                                 ;Il fait clignoter la LED branchée sur RC0      *       
Warning[206]: Found call to macro in column 1. (bank0)
                      00139 bank0                           ;                                                                       
                                    *
0027   1283               M                 bcf STATUS,RP0                          ;*
0028   1303               M                 bcf     STATUS,RP1                              ;*
0029   1407           00140         bsf     PORTC,0 ;                                                                               
MPASM  5.50                          MAIN.ASM   5-3-2020  1:32:42         PAGE  5


LOC  OBJECT CODE     LINE SOURCE TEXT
  VALUE

                            *
002A   202D           00141         call    delay   ;                                                                               
                            *
002B   1007           00142         bcf             PORTC,0 ;                                                                       
                                    *
002C   0008           00143         return                  ;                                                                       
                                    *
                      00144 ;************************************************************   
002D                  00145 delay                   ;sous-programme de temporisation                        *
                      00146 ;                                                                                                       
                                            *
002D   30FF           00147         movlw           0xff            ;                                                               
                            *
002E   00A2           00148         movwf           variable1       ;                                                               
                            *
002F   00A3           00149         movwf           variable2       ;                                                               
                            *
0030   300B           00150         movlw           0x0b            ;                                                               
                            *
0031   00A4           00151         movwf           variable3       ;                                                               
                            *
0032                  00152 b1                                                      ;                                               
                                            *
Message[305]: Using default destination of 1 (file).
0032   0BA2           00153         decfsz          variable1       ;                                                               
                            *
0033   2832           00154         goto            b1                      ;                                                       
                                    *
0034   30FF           00155         movlw           0xff            ;                                                               
                            *
0035   00A2           00156         movwf           variable1       ;                                                               
                            *
Message[305]: Using default destination of 1 (file).
0036   0BA3           00157         decfsz          variable2       ;                                                               
                            *
0037   2832           00158         goto            b1                      ;                                                       
                                    *
0038   30FF           00159         movlw           0xff            ;                                                               
                            *
0039   00A3           00160         movwf           variable2       ;                                                               
                            *
Message[305]: Using default destination of 1 (file).
003A   0BA4           00161         decfsz          variable3       ;                                                               
                            *
003B   2832           00162         goto            b1                      ;                                                       
                                    *
003C   300B           00163         movlw           0x0b            ;                                                               
                            *
003D   00A4           00164         movwf           variable3       ;                                                               
                            *
003E   0008           00165         return                                  ;                                                       
                                    *
                      00166 ;************************************************************
MPASM  5.50                          MAIN.ASM   5-3-2020  1:32:42         PAGE  6


LOC  OBJECT CODE     LINE SOURCE TEXT
  VALUE

                      00167         end             
MPASM  5.50                          MAIN.ASM   5-3-2020  1:32:42         PAGE  7


SYMBOL TABLE
  LABEL                             VALUE 

ACKDT                             00000005
ACKEN                             00000004
ACKSTAT                           00000006
ADCON0                            0000001F
ADCON1                            0000009F
ADCS0                             00000006
ADCS1                             00000007
ADDEN                             00000003
ADFM                              00000007
ADIE                              00000006
ADIF                              00000006
ADON                              00000000
ADRESH                            0000001E
ADRESL                            0000009E
BCLIE                             00000003
BCLIF                             00000003
BF                                00000000
BRGH                              00000002
C                                 00000000
CCP1CON                           00000017
CCP1IE                            00000002
CCP1IF                            00000002
CCP1M0                            00000000
CCP1M1                            00000001
CCP1M2                            00000002
CCP1M3                            00000003
CCP1X                             00000005
CCP1Y                             00000004
CCP2CON                           0000001D
CCP2IE                            00000000
CCP2IF                            00000000
CCP2M0                            00000000
CCP2M1                            00000001
CCP2M2                            00000002
CCP2M3                            00000003
CCP2X                             00000005
CCP2Y                             00000004
CCPR1                             00000015
CCPR1H                            00000016
CCPR1L                            00000015
CCPR2                             0000001B
CCPR2H                            0000001C
CCPR2L                            0000001B
CHS0                              00000003
CHS1                              00000004
CHS2                              00000005
CKE                               00000006
CKP                               00000004
CREN                              00000004
CSRC                              00000007
D                                 00000005
DATA_ADDRESS                      00000005
DC                                00000001
MPASM  5.50                          MAIN.ASM   5-3-2020  1:32:42         PAGE  8


SYMBOL TABLE
  LABEL                             VALUE 

D_A                               00000005
D_NOT_A                           00000005
EEADR                             0000010D
EEADRH                            0000010F
EECON1                            0000018C
EECON2                            0000018D
EEDATA                            0000010C
EEDATH                            0000010E
EEIE                              00000004
EEIF                              00000004
EEPGD                             00000007
F                                 00000001
FERR                              00000002
FSR                               00000004
GCEN                              00000007
GIE                               00000007
GO                                00000002
GO_DONE                           00000002
GO_NOT_DONE                       00000002
I2C_DATA                          00000005
I2C_READ                          00000002
I2C_START                         00000003
I2C_STOP                          00000004
IBF                               00000007
IBOV                              00000005
INDF                              00000000
INTCON                            0000000B
INTE                              00000004
INTEDG                            00000006
INTF                              00000001
IRP                               00000007
NOT_A                             00000005
NOT_ADDRESS                       00000005
NOT_BO                            00000000
NOT_BOR                           00000000
NOT_DONE                          00000002
NOT_PD                            00000003
NOT_POR                           00000001
NOT_RBPU                          00000007
NOT_RC8                           00000006
NOT_T1SYNC                        00000002
NOT_TO                            00000004
NOT_TX8                           00000006
NOT_W                             00000002
NOT_WRITE                         00000002
OBF                               00000006
OERR                              00000001
OPTION_REG                        00000081
P                                 00000004
PCFG0                             00000000
PCFG1                             00000001
PCFG2                             00000002
PCFG3                             00000003
MPASM  5.50                          MAIN.ASM   5-3-2020  1:32:42         PAGE  9


SYMBOL TABLE
  LABEL                             VALUE 

PCL                               00000002
PCLATH                            0000000A
PCON                              0000008E
PEIE                              00000006
PEN                               00000002
PIE1                              0000008C
PIE2                              0000008D
PIR1                              0000000C
PIR2                              0000000D
PORTA                             00000005
PORTB                             00000006
PORTC                             00000007
PORTD                             00000008
PORTE                             00000009
PR2                               00000092
PS0                               00000000
PS1                               00000001
PS2                               00000002
PSA                               00000003
PSPIE                             00000007
PSPIF                             00000007
PSPMODE                           00000004
R                                 00000002
RA0                               00000000
RA1                               00000001
RA2                               00000002
RA3                               00000003
RA4                               00000004
RA5                               00000005
RB0                               00000000
RB1                               00000001
RB2                               00000002
RB3                               00000003
RB4                               00000004
RB5                               00000005
RB6                               00000006
RB7                               00000007
RBIE                              00000003
RBIF                              00000000
RC0                               00000000
RC1                               00000001
RC2                               00000002
RC3                               00000003
RC4                               00000004
RC5                               00000005
RC6                               00000006
RC7                               00000007
RC8_9                             00000006
RC9                               00000006
RCD8                              00000000
RCEN                              00000003
RCIE                              00000005
RCIF                              00000005
MPASM  5.50                          MAIN.ASM   5-3-2020  1:32:42         PAGE 10


SYMBOL TABLE
  LABEL                             VALUE 

RCREG                             0000001A
RCSTA                             00000018
RD                                00000000
RD0                               00000000
RD1                               00000001
RD2                               00000002
RD3                               00000003
RD4                               00000004
RD5                               00000005
RD6                               00000006
RD7                               00000007
RE0                               00000000
RE1                               00000001
RE2                               00000002
READ_WRITE                        00000002
RP0                               00000005
RP1                               00000006
RSEN                              00000001
RX9                               00000006
RX9D                              00000000
R_NOT_W                           00000002
R_W                               00000002
S                                 00000003
SEN                               00000000
SMP                               00000007
SPBRG                             00000099
SPEN                              00000007
SREN                              00000005
SSPADD                            00000093
SSPBUF                            00000013
SSPCON                            00000014
SSPCON2                           00000091
SSPEN                             00000005
SSPIE                             00000003
SSPIF                             00000003
SSPM0                             00000000
SSPM1                             00000001
SSPM2                             00000002
SSPM3                             00000003
SSPOV                             00000006
SSPSTAT                           00000094
STATUS                            00000003
SYNC                              00000004
T0CS                              00000005
T0IE                              00000005
T0IF                              00000002
T0SE                              00000004
T1CKPS0                           00000004
T1CKPS1                           00000005
T1CON                             00000010
T1INSYNC                          00000002
T1OSCEN                           00000003
T1SYNC                            00000002
MPASM  5.50                          MAIN.ASM   5-3-2020  1:32:42         PAGE 11


SYMBOL TABLE
  LABEL                             VALUE 

T2CKPS0                           00000000
T2CKPS1                           00000001
T2CON                             00000012
TMR0                              00000001
TMR0IE                            00000005
TMR0IF                            00000002
TMR1                              0000000E
TMR1CS                            00000001
TMR1H                             0000000F
TMR1IE                            00000000
TMR1IF                            00000000
TMR1L                             0000000E
TMR1ON                            00000000
TMR2                              00000011
TMR2IE                            00000001
TMR2IF                            00000001
TMR2ON                            00000002
TOUTPS0                           00000003
TOUTPS1                           00000004
TOUTPS2                           00000005
TOUTPS3                           00000006
TRISA                             00000085
TRISA0                            00000000
TRISA1                            00000001
TRISA2                            00000002
TRISA3                            00000003
TRISA4                            00000004
TRISA5                            00000005
TRISB                             00000086
TRISB0                            00000000
TRISB1                            00000001
TRISB2                            00000002
TRISB3                            00000003
TRISB4                            00000004
TRISB5                            00000005
TRISB6                            00000006
TRISB7                            00000007
TRISC                             00000087
TRISC0                            00000000
TRISC1                            00000001
TRISC2                            00000002
TRISC3                            00000003
TRISC4                            00000004
TRISC5                            00000005
TRISC6                            00000006
TRISC7                            00000007
TRISD                             00000088
TRISD0                            00000000
TRISD1                            00000001
TRISD2                            00000002
TRISD3                            00000003
TRISD4                            00000004
TRISD5                            00000005
MPASM  5.50                          MAIN.ASM   5-3-2020  1:32:42         PAGE 12


SYMBOL TABLE
  LABEL                             VALUE 

TRISD6                            00000006
TRISD7                            00000007
TRISE                             00000089
TRISE0                            00000000
TRISE1                            00000001
TRISE2                            00000002
TRMT                              00000001
TX8_9                             00000006
TX9                               00000006
TX9D                              00000000
TXD8                              00000000
TXEN                              00000005
TXIE                              00000004
TXIF                              00000004
TXREG                             00000019
TXSTA                             00000098
UA                                00000001
W                                 00000000
WCOL                              00000007
WR                                00000001
WREN                              00000002
WRERR                             00000003
Z                                 00000002
_BODEN_OFF                        00003FBF
_BODEN_ON                         00003FFF
_BOREN_OFF                        00003FBF
_BOREN_ON                         00003FFF
_CONFIG                           00002007
_CPD_OFF                          00003FFF
_CPD_ON                           00003EFF
_CP_ALL                           00000FCF
_CP_HALF                          00001FDF
_CP_OFF                           00003FFF
_CP_UPPER_256                     00002FEF
_DEBUG_OFF                        00003FFF
_DEBUG_ON                         000037FF
_DEVID1                           00002006
_FOSC_EXTRC                       00003FFF
_FOSC_HS                          00003FFE
_FOSC_LP                          00003FFC
_FOSC_XT                          00003FFD
_HS_OSC                           00003FFE
_IDLOC0                           00002000
_IDLOC1                           00002001
_IDLOC2                           00002002
_IDLOC3                           00002003
_LP_OSC                           00003FFC
_LVP_OFF                          00003F7F
_LVP_ON                           00003FFF
_PWRTE_OFF                        00003FFF
_PWRTE_ON                         00003FF7
_RC_OSC                           00003FFF
_WDTE_OFF                         00003FFB
MPASM  5.50                          MAIN.ASM   5-3-2020  1:32:42         PAGE 13


SYMBOL TABLE
  LABEL                             VALUE 

_WDTE_ON                          00003FFF
_WDT_OFF                          00003FFB
_WDT_ON                           00003FFF
_WRT_ENABLE_OFF                   00003DFF
_WRT_ENABLE_ON                    00003FFF
_WRT_OFF                          00003DFF
_WRT_ON                           00003FFF
_XT_OSC                           00003FFD
__16F877                          00000001
__DEBUG                           1
b1                                00000032
bank0                             
bank1                             
bank2                             
bank3                             
delay                             0000002D
fonction_INTF                     00000027
fonction_RBIF                     00000020
main                              00000013
status_temp                       00000021
variable1                         00000022
variable2                         00000023
variable3                         00000024
w_temp                            00000020
while1                            0000001F


MEMORY USAGE MAP ('X' = Used,  '-' = Unused)

0000 : X---XXXXXXXXXXXX XXXXXXXXXXXXXXXX XXXXXXXXXXXXXXXX XXXXXXXXXXXXXXX-
2000 : -------X-------- ---------------- ---------------- ----------------

All other memory blocks unused.

Program Memory Words Used:    60
Program Memory Words Free:  8132


Errors   :     0
Warnings :     4 reported,     0 suppressed
Messages :     6 reported,     0 suppressed

