MPLINK 4.48, Linker
Linker Map File - Created Sun May 03 01:32:43 2020

                                 Section Info
                  Section       Type    Address   Location Size(Bytes)
                ---------  ---------  ---------  ---------  ---------
                   .org_0       code   0x000000    program   0x000000
                   .org_1       code   0x000000    program   0x000002
                   .org_2       code   0x000004    program   0x000076
      .config_2007_MAIN.O       code   0x002007    program   0x000002



                              Program Memory Usage 
                               Start         End      
                           ---------   ---------      
                            0x000000    0x000000      
                            0x000004    0x00003e      
                            0x002007    0x002007      
            61 out of 8454 program addresses used, program memory utilization is 0%



                              Symbols - Sorted by Name
                     Name    Address   Location    Storage File                     
                ---------  ---------  ---------  --------- ---------                
                       b1   0x000032    program     static C:\Users\My PC\Documents\TP Micro\Tutorial-PIC16F877-assembly\ExoAbdelAli\main.asm
                    delay   0x00002d    program     static C:\Users\My PC\Documents\TP Micro\Tutorial-PIC16F877-assembly\ExoAbdelAli\main.asm
            fonction_INTF   0x000027    program     static C:\Users\My PC\Documents\TP Micro\Tutorial-PIC16F877-assembly\ExoAbdelAli\main.asm
            fonction_RBIF   0x000020    program     static C:\Users\My PC\Documents\TP Micro\Tutorial-PIC16F877-assembly\ExoAbdelAli\main.asm
                     main   0x000013    program     static C:\Users\My PC\Documents\TP Micro\Tutorial-PIC16F877-assembly\ExoAbdelAli\main.asm
                   while1   0x00001f    program     static C:\Users\My PC\Documents\TP Micro\Tutorial-PIC16F877-assembly\ExoAbdelAli\main.asm



                              Symbols - Sorted by Address
                     Name    Address   Location    Storage File                     
                ---------  ---------  ---------  --------- ---------                
                     main   0x000013    program     static C:\Users\My PC\Documents\TP Micro\Tutorial-PIC16F877-assembly\ExoAbdelAli\main.asm
                   while1   0x00001f    program     static C:\Users\My PC\Documents\TP Micro\Tutorial-PIC16F877-assembly\ExoAbdelAli\main.asm
            fonction_RBIF   0x000020    program     static C:\Users\My PC\Documents\TP Micro\Tutorial-PIC16F877-assembly\ExoAbdelAli\main.asm
            fonction_INTF   0x000027    program     static C:\Users\My PC\Documents\TP Micro\Tutorial-PIC16F877-assembly\ExoAbdelAli\main.asm
                    delay   0x00002d    program     static C:\Users\My PC\Documents\TP Micro\Tutorial-PIC16F877-assembly\ExoAbdelAli\main.asm
                       b1   0x000032    program     static C:\Users\My PC\Documents\TP Micro\Tutorial-PIC16F877-assembly\ExoAbdelAli\main.asm


