MPLINK 4.48, Linker
Linker Map File - Created Fri Apr 24 10:16:44 2020

                                 Section Info
                  Section       Type    Address   Location Size(Bytes)
                ---------  ---------  ---------  ---------  ---------
                   .org_0       code   0x000000    program   0x000000
                   .org_1       code   0x000000    program   0x000002
                   .org_2       code   0x000004    program   0x000086
     .config_2007_TUTO2.O       code   0x002007    program   0x000002



                              Program Memory Usage 
                               Start         End      
                           ---------   ---------      
                            0x000000    0x000000      
                            0x000004    0x000046      
                            0x002007    0x002007      
            69 out of 8454 program addresses used, program memory utilization is 0%



                              Symbols - Sorted by Name
                     Name    Address   Location    Storage File                     
                ---------  ---------  ---------  --------- ---------                
              Toggle_LED1   0x000035    program     static C:\Users\My PC\Documents\TP Micro\Tuto2\tuto2.asm
              Toggle_LED2   0x00003b    program     static C:\Users\My PC\Documents\TP Micro\Tuto2\tuto2.asm
              Toggle_LED3   0x000041    program     static C:\Users\My PC\Documents\TP Micro\Tuto2\tuto2.asm
                       b1   0x000028    program     static C:\Users\My PC\Documents\TP Micro\Tuto2\tuto2.asm
                    delay   0x000023    program     static C:\Users\My PC\Documents\TP Micro\Tuto2\tuto2.asm
                  infloop   0x00001c    program     static C:\Users\My PC\Documents\TP Micro\Tuto2\tuto2.asm
                     main   0x00000d    program     static C:\Users\My PC\Documents\TP Micro\Tuto2\tuto2.asm



                              Symbols - Sorted by Address
                     Name    Address   Location    Storage File                     
                ---------  ---------  ---------  --------- ---------                
                     main   0x00000d    program     static C:\Users\My PC\Documents\TP Micro\Tuto2\tuto2.asm
                  infloop   0x00001c    program     static C:\Users\My PC\Documents\TP Micro\Tuto2\tuto2.asm
                    delay   0x000023    program     static C:\Users\My PC\Documents\TP Micro\Tuto2\tuto2.asm
                       b1   0x000028    program     static C:\Users\My PC\Documents\TP Micro\Tuto2\tuto2.asm
              Toggle_LED1   0x000035    program     static C:\Users\My PC\Documents\TP Micro\Tuto2\tuto2.asm
              Toggle_LED2   0x00003b    program     static C:\Users\My PC\Documents\TP Micro\Tuto2\tuto2.asm
              Toggle_LED3   0x000041    program     static C:\Users\My PC\Documents\TP Micro\Tuto2\tuto2.asm


