MPLINK 4.48, Linker
Linker Map File - Created Thu Jun 18 20:15:19 2020

                                 Section Info
                  Section       Type    Address   Location Size(Bytes)
                ---------  ---------  ---------  ---------  ---------
                   .org_0       code   0x000000    program   0x000000
                   .org_1       code   0x000000    program   0x000002
                   .org_2       code   0x000004    program   0x0000ba
      .config_2007_MAIN.O       code   0x002007    program   0x000002



                              Program Memory Usage 
                               Start         End      
                           ---------   ---------      
                            0x000000    0x000000      
                            0x000004    0x000060      
                            0x002007    0x002007      
            95 out of 8454 program addresses used, program memory utilization is 1%



                              Symbols - Sorted by Name
                     Name    Address   Location    Storage File                     
                ---------  ---------  ---------  --------- ---------                
                    TABLE   0x000050    program     static C:\Users\My PC\Documents\TP Micro\Tutorial-PIC16F877-assembly\UART\main.asm
                       b1   0x000043    program     static C:\Users\My PC\Documents\TP Micro\Tutorial-PIC16F877-assembly\UART\main.asm
                    delay   0x00003c    program     static C:\Users\My PC\Documents\TP Micro\Tutorial-PIC16F877-assembly\UART\main.asm
                     loop   0x00001e    program     static C:\Users\My PC\Documents\TP Micro\Tutorial-PIC16F877-assembly\UART\main.asm
                     main   0x00000c    program     static C:\Users\My PC\Documents\TP Micro\Tutorial-PIC16F877-assembly\UART\main.asm
              mon_message   0x000056    program     static C:\Users\My PC\Documents\TP Micro\Tutorial-PIC16F877-assembly\UART\main.asm



                              Symbols - Sorted by Address
                     Name    Address   Location    Storage File                     
                ---------  ---------  ---------  --------- ---------                
                     main   0x00000c    program     static C:\Users\My PC\Documents\TP Micro\Tutorial-PIC16F877-assembly\UART\main.asm
                     loop   0x00001e    program     static C:\Users\My PC\Documents\TP Micro\Tutorial-PIC16F877-assembly\UART\main.asm
                    delay   0x00003c    program     static C:\Users\My PC\Documents\TP Micro\Tutorial-PIC16F877-assembly\UART\main.asm
                       b1   0x000043    program     static C:\Users\My PC\Documents\TP Micro\Tutorial-PIC16F877-assembly\UART\main.asm
                    TABLE   0x000050    program     static C:\Users\My PC\Documents\TP Micro\Tutorial-PIC16F877-assembly\UART\main.asm
              mon_message   0x000056    program     static C:\Users\My PC\Documents\TP Micro\Tutorial-PIC16F877-assembly\UART\main.asm


